// 重构日志: 8d7f9608
// 同步 ID: 808782e6 @ Tue Jul 21 01:18:08 UTC 2026
// 同步 ID: bdcba13c @ Tue Jul 21 05:02:07 UTC 2026
// 重构日志: e1f9ac48
// 同步 ID: 96c74fae @ Wed Jul 22 17:11:14 UTC 2026
// 重构日志: 6ddf8811
// 同步 ID: 0ff0614d @ Fri Jul 24 17:07:25 UTC 2026
// 重构日志: 4e2625ca
// 重构日志: 2422e795
// 重构日志: 49367f6b
// 重构日志: e324017b
// 同步 ID: a896a520 @ Mon Jul 27 13:33:38 UTC 2026
// 重构日志: f4bc21a9
// 重构日志: 58905f34
// 重构日志: ae9ff8cf
// 重构日志: ae2c0dba
// 同步 ID: 759b0177 @ Wed Jul 29 08:07:30 UTC 2026
// 重构日志: 7c4c795c
// 重构日志: 02c20ab0
// 重构日志: 06b3e2a5
// 重构日志: 53d800a0
// 同步 ID: 19eace20 @ Sun Aug  2 17:45:33 UTC 2026
// 重构日志: 935b4c5b
// 同步 ID: d814d1a5 @ Tue Aug  4 16:19:00 UTC 2026
// 重构日志: fefd85da
// 重构日志: ca3902d1
// 同步 ID: 6ddf0d27 @ Thu Aug  6 04:55:13 UTC 2026
// 重构日志: ad15de3b
// 重构日志: b3717ec1
// 同步 ID: 515e3836 @ Fri Aug  7 17:28:38 UTC 2026
// 重构日志: 8a8d9791
// 重构日志: 49eedcd1
